 % RUST_BACKTRACE=1 cargo test -- client --nocapture
    Finished `test` profile [unoptimized + debuginfo] target(s) in 0.04s
     Running unittests src/main.rs (target/debug/deps/tls_rs-2141784a5ea70abc)

running 1 test
Using default temp DH parameters
ACCEPT
sending client_hello: TlsPlainText { content_type: handshake, legacy_record_version: Tls12, length: 0, fragment: ClientHello(TlsClientHello { legacy_version: Tls12, random: [23, 192, 38, 16, 213, 3, 136, 17, 187, 1, 157, 79, 165, 109, 110, 38, 146, 63, 210, 206, 246, 38, 47, 86, 19, 180, 198, 52, 246, 68, 30, 224], legacy_session_id: [251, 106, 98, 74, 104, 74, 246, 228, 140, 61, 119, 151, 205, 67, 216, 196, 95, 144, 13, 3, 194, 7, 34, 217, 173, 59, 196, 171, 145, 137, 119, 107], cipher_suites: [TLS_AES_256_GCM_SHA384], legacy_compression_method: 0, extensions: [Signature([ecdsa_secp256r1_sha256, ecdsa_secp384r1_sha384, rsa_pss_rsae_sha256]), SupportedVersionsClient([Tls13]), SupportedGroups([secp256r1]), KeyShareClient([KeyShareEntry { group: secp256r1, pub_key: [4, 120, 121, 40, 72, 207, 149, 154, 160, 24, 133, 101, 6, 77, 63, 120, 112, 65, 130, 90, 2, 128, 226, 253, 29, 87, 50, 17, 48, 212, 131, 24, 192, 91, 15, 213, 20, 223, 50, 134, 246, 184, 196, 92, 138, 141, 126, 49, 113, 108, 112, 8, 4, 144, 187, 215, 157, 153, 223, 156, 166, 113, 170, 56, 232] }])] }) }
read from 0x926c4f680 [0x92710c003] (5 bytes => 5 (0x5))
0000 - 16 03 03 00 b5                                    .....
read from 0x926c4f680 [0x92710c008] (181 bytes => 181 (0xB5))
0000 - 01 00 00 b1 03 03 17 c0-26 10 d5 03 88 11 bb 01   ........&.......
0010 - 9d 4f a5 6d 6e 26 92 3f-d2 ce f6 26 2f 56 13 b4   .O.mn&.?...&/V..
0020 - c6 34 f6 44 1e e0 20 fb-6a 62 4a 68 4a f6 e4 8c   .4.D.. .jbJhJ...
0030 - 3d 77 97 cd 43 d8 c4 5f-90 0d 03 c2 07 22 d9 ad   =w..C.._....."..
0040 - 3b c4 ab 91 89 77 6b 00-02 13 02 01 00 00 66 00   ;....wk.......f.
0050 - 0d 00 08 00 06 04 03 05-03 08 04 00 2b 00 03 02   ............+...
0060 - 03 04 00 0a 00 04 00 02-00 17 00 33 00 47 00 45   ...........3.G.E
0070 - 00 17 00 41 04 78 79 28-48 cf 95 9a a0 18 85 65   ...A.xy(H......e
0080 - 06 4d 3f 78 70 41 82 5a-02 80 e2 fd 1d 57 32 11   .M?xpA.Z.....W2.
0090 - 30 d4 83 18 c0 5b 0f d5-14 df 32 86 f6 b8 c4 5c   0....[....2....\
00a0 - 8a 8d 7e 31 71 6c 70 08-04 90 bb d7 9d 99 df 9c   ..~1qlp.........
00b0 - a6 71 aa 38 e8                                    .q.8.
write to 0x926c4f680 [0x927109000] (1386 bytes => 1386 (0x56A))
0000 - 16 03 03 00 9b 02 00 00-97 03 03 a2 11 89 88 35   ...............5
0010 - a4 73 48 97 a5 1d 65 11-b7 fd 8e 91 39 87 be 82   .sH...e.....9...
0020 - 18 74 12 9f b7 86 6a 0d-04 53 68 20 fb 6a 62 4a   .t....j..Sh .jbJ
0030 - 68 4a f6 e4 8c 3d 77 97-cd 43 d8 c4 5f 90 0d 03   hJ...=w..C.._...
0040 - c2 07 22 d9 ad 3b c4 ab-91 89 77 6b 13 02 00 00   .."..;....wk....
0050 - 4f 00 2b 00 02 03 04 00-33 00 45 00 17 00 41 04   O.+.....3.E...A.
0060 - d4 eb 20 78 91 3d 8e bf-fc 76 cb 7f 74 52 74 35   .. x.=...v..tRt5
0070 - b5 b2 f8 e7 f2 e1 f5 5d-de 40 34 3a 5c 12 12 23   .......].@4:\..#
0080 - 24 54 6b c5 3f 43 5a e8-a9 57 32 e2 b7 95 d1 2b   $Tk.?CZ..W2....+
0090 - 37 b7 06 2e 04 16 05 ca-84 0d 13 ac b7 9c fc 92   7...............
00a0 - 17 03 03 00 2d 5d fe 82-c2 2b 22 bc 62 b9 7c 7e   ....-]...+".b.|~
00b0 - 60 85 7c a8 04 fc ac 46-bc 68 22 54 ab 01 16 d7   `.|....F.h"T....
00c0 - fd 4a 47 34 1a ac 1e 6a-a9 67 a0 1a 0b 54 11 fb   .JG4...j.g...T..
00d0 - ff 97 17 03 03 03 2b 0e-eb b6 8a db c5 5a 55 91   ......+......ZU.
00e0 - f0 bf 49 3a 03 dd 8c a3-17 ea 8d 8c 5a 6e 14 ff   ..I:........Zn..
00f0 - 03 71 aa 50 67 db 13 24-ed b6 32 fa 32 a7 e8 fb   .q.Pg..$..2.2...
0100 - ab 60 2c 8f 3b 0e d0 39-9c b8 2a f1 e2 db b8 3e   .`,.;..9..*....>
0110 - 26 94 fa e2 93 3e d4 12-9b 9b ce d6 59 4f 2b df   &....>......YO+.
0120 - 59 32 95 15 90 85 60 1a-0b e6 ce 89 51 14 82 fd   Y2....`.....Q...
0130 - 87 78 56 3e 41 8f 2e 0e-9c 5b 13 86 4b 17 16 45   .xV>A....[..K..E
0140 - c5 34 21 4c b1 e2 8b c4-6e c1 d2 23 32 f7 59 e3   .4!L....n..#2.Y.
0150 - 96 a5 32 c8 81 65 a7 60-a5 32 b9 22 b6 78 f2 57   ..2..e.`.2.".x.W
0160 - 32 36 16 9f 9e 1f 19 4e-9d e2 9a 77 fb bb b6 f9   26.....N...w....
0170 - a9 61 97 1a 8d aa 13 ad-fc 3b 40 af f9 f9 0e 9d   .a.......;@.....
0180 - d3 15 0b 18 ed 6d ff c6-d4 84 e3 d0 72 89 58 16   .....m......r.X.
Received server_hello: TlsPlainText { content_type: handshake, legacy_record_version: Tls12, length: 155, fragment: ServerHello(TlsServerHello { legacy_version: Tls12, random: [162, 17, 137, 136, 53, 164, 115, 72, 151, 165, 29, 101, 17, 183, 253, 142, 145, 57, 135, 190, 130, 24, 116, 18, 159, 183, 134, 106, 13, 4, 83, 104], legacy_session_id_echo: [251, 106, 98, 74, 104, 74, 246, 228, 140, 61, 119, 151, 205, 67, 216, 196, 95, 144, 13, 3, 194, 7, 34, 217, 173, 59, 196, 171, 145, 137, 119, 107], cipher_suite: TLS_AES_256_GCM_SHA384, legacy_compression_method: 0, extensions: [SupportedVersionsServer(Tls13), KeyShareServer(KeyShareEntry { group: secp256r1, pub_key: [4, 212, 235, 32, 120, 145, 61, 142, 191, 252, 118, 203, 127, 116, 82, 116, 53, 181, 178, 248, 231, 242, 225, 245, 93, 222, 64, 52, 58, 92, 18, 18, 35, 36, 84, 107, 197, 63, 67, 90, 232, 169, 87, 50, 226, 183, 149, 209, 43, 55, 183, 6, 46, 4, 22, 5, 202, 132, 13, 19, 172, 183, 156, 252, 146] })] }) }
0190 - 79 a3 bc 42 5a 5f 2d 03-89 fe bf 1b b4 b8 f4 9e   y..BZ_-.........
01a0 - d1 fb b1 f6 4e 55 8e 93-bd c4 99 15 68 a9 06 77   ....NU......h..w
Received remaining data: [23, 3, 3, 0, 45, 93, 254, 130, 194, 43, 34, 188, 98, 185, 124, 126, 96, 133, 124, 168, 4, 252, 172, 70, 188, 104, 34, 84, 171, 1, 22, 215, 253, 74, 71, 52, 26, 172, 30, 106, 169, 103, 160, 26, 11, 84, 17, 251, 255, 151, 23, 3, 3, 3, 43, 14, 235, 182, 138, 219, 197, 90, 85, 145, 240, 191, 73, 58, 3, 221, 140, 163, 23, 234, 141, 140, 90, 110, 20, 255, 3, 113, 170, 80, 103, 219, 19, 36, 237, 182, 50, 250, 50, 167, 232, 251, 171, 96, 44, 143, 59, 14, 208, 57, 156, 184, 42, 241, 226, 219, 184, 62, 38, 148, 250, 226, 147, 62, 212, 18, 155, 155, 206, 214, 89, 79, 43, 223, 89, 50, 149, 21, 144, 133, 96, 26, 11, 230, 206, 137, 81, 20, 130, 253, 135, 120, 86, 62, 65, 143, 46, 14, 156, 91, 19, 134, 75, 23, 22, 69, 197, 52, 33, 76, 177, 226, 139, 196, 110, 193, 210, 35, 50, 247, 89, 227, 150, 165, 50, 200, 129, 101, 167, 96, 165, 50, 185, 34, 182, 120, 242, 87, 50, 54, 22, 159, 158, 31, 25, 78, 157, 226, 154, 119, 251, 187, 182, 249, 169, 97, 151, 26, 141, 170, 19, 173, 252, 59, 64, 175, 249, 01b0 - d3 41 3e 53 68 39 bc 0b-d0 bb 74 7b 46 b1 99 16   .A>Sh9....t{F...
249, 14, 157, 211, 21, 11, 24, 237, 109, 255, 198, 212, 132, 227, 208, 114, 137, 88, 22, 121, 163, 188, 66, 90, 95, 45, 3, 137, 254, 191, 27, 180, 184, 244, 158, 209, 251, 177, 246, 78, 85, 142, 147, 189, 196, 153, 21, 104, 169, 6, 119, 211, 65, 62, 83, 104, 57, 188, 11, 208, 187, 116, 123, 70, 177, 153, 22, 149, 203, 72, 51, 75, 18, 197, 147, 193, 120, 246, 167, 30, 249, 199, 184, 5, 252, 137, 164, 255, 30, 158, 228, 33, 162, 248, 190, 25, 71, 194, 144, 20, 90, 69, 50, 149, 184, 233, 3, 198, 49, 10, 83, 2, 230, 62, 167, 192, 91, 185, 2, 233, 124, 196, 125, 177, 174, 240, 123, 115, 114, 108, 167, 79, 17, 65, 181, 119, 225, 138, 81, 65, 162, 100, 212, 54, 248, 40, 164, 46, 165, 4, 235, 22, 154, 24, 170, 37, 183, 26, 6, 70, 187, 99, 68, 9, 71, 128, 52, 29, 98, 48, 242, 43, 60, 42, 252, 67, 108, 228, 139, 128, 64, 8, 92, 236, 168, 18, 148, 213, 63, 238, 166, 225, 135, 248, 53, 74, 6, 120, 22, 73, 150, 41, 55, 6, 113, 160, 76, 243, 233, 82, 222, 173, 132, 231, 235, 90, 97, 41, 76, 50, 94, 19, 21, 86, 208, 175, 01c0 - 95 cb 48 33 4b 12 c5 93-c1 78 f6 a7 1e f9 c7 b8   ..H3K....x......
168, 142, 158, 185, 138, 153, 76, 133, 82, 89, 255, 166, 127, 64, 247, 113, 20, 60, 116, 60, 84, 60, 36, 35, 64, 42, 42, 234, 72, 98, 187, 5, 114, 107, 179, 85, 178, 64, 145, 193, 86, 90, 251, 19, 254, 91, 242, 88, 148, 135, 213, 90, 220, 255, 151, 43, 144, 21, 31, 166, 149, 199, 57, 22, 86, 229, 119, 182, 197, 195, 113, 251, 37, 13, 47, 177, 182, 92, 21, 202, 242, 139, 249, 204, 27, 227, 190, 91, 175, 53, 12, 169, 49, 211, 153, 186, 7, 7, 253, 68, 173, 103, 123, 197, 2, 174, 101, 164, 187, 252, 58, 171, 226, 230, 28, 24, 138, 31, 105, 244, 252, 29, 131, 120, 125, 238, 199, 65, 195, 127, 63, 253, 71, 6, 2, 160, 60, 29, 31, 136, 9, 194, 87, 152, 174, 102, 175, 12, 170, 186, 177, 228, 205, 28, 136, 231, 53, 245, 134, 101, 58, 101, 53, 11, 117, 77, 90, 165, 147, 61, 110, 230, 54, 61, 153, 79, 178, 177, 236, 24, 240, 228, 143, 195, 148, 126, 230, 226, 85, 151, 131, 38, 144, 141, 7, 54, 92, 195, 4, 54, 131, 18, 196, 213, 210, 28, 28, 104, 183, 102, 141, 211, 150, 15, 34, 189, 154, 39, 188, 205, 253, 90, 36, 13, 01d0 - 05 fc 89 a4 ff 1e 9e e4-21 a2 f8 be 19 47 c2 90   ........!....G..
01e0 - 14 5a 45 32 95 b8 e9 03-c6 31 0a 53 02 e6 3e a7   .ZE2.....1.S..>.
01f0 - c0 5b b9 02 e9 7c c4 7d-b1 ae f0 7b 73 72 6c a7   .[...|.}...{srl.
0200 - 4f 11 41 b5 77 e1 8a 51-41 a2 64 d4 36 f8 28 a4   O.A.w..QA.d.6.(.
0210 - 2e a5 04 eb 16 9a 18 aa-25 b7 1a 06 46 bb 63 44   ........%...F.cD
0220 - 09 47 80 34 1d 62 30 f2-2b 3c 2a fc 43 6c e4 8b   .G.4.b0.+<*.Cl..
0230 - 80 40 08 5c ec a8 12 94-d5 3f ee a6 e1 87 f8 35   .@.\.....?.....5
167, 208, 40, 196, 201, 153, 236, 108, 100, 84, 43, 192, 72, 2, 145, 139, 167, 77, 84, 13, 149, 21, 17, 94, 199, 7, 220, 232, 214, 191, 251, 92, 72, 41, 242, 74, 136, 211, 54, 1, 12, 150, 159, 90, 182, 208, 90, 96, 49, 47, 47, 200, 130, 21, 19, 107, 25, 44, 202, 30, 244, 77, 89, 77, 190, 165, 227, 204, 132, 89, 249, 157, 252, 15, 84, 108, 226, 93, 14, 160, 3, 238, 186, 242, 0, 6, 213, 226, 236, 232, 108, 191, 31, 164, 64, 122, 43, 219, 230, 120, 108, 229, 87, 165, 40, 184, 13, 195, 165, 99, 160, 94, 109, 172, 215, 184, 16, 32, 203, 247, 148, 238, 188, 139, 99, 89, 245, 235, 5, 4, 58, 68, 104, 208, 153, 247, 100, 167, 180, 162, 224, 216, 218, 244, 108, 232, 202, 249, 118, 81, 188, 3, 138, 172, 47, 250, 73, 122, 110, 99, 172, 81, 211, 7, 157, 232, 3, 133, 24, 3, 65, 208, 254, 130, 249, 99, 59, 173, 194, 178, 78, 18, 30, 213, 50, 140, 17, 188, 213, 98, 249, 178, 54, 113, 40, 23, 3, 3, 1, 25, 193, 161, 66, 235, 114, 10, 25, 0, 21, 114, 0, 107, 218, 43, 72, 244, 172, 153, 7, 94, 190, 68, 239, 155, 4, 229, 230, 2510240 - 4a 06 78 16 49 96 29 37-06 71 a0 4c f3 e9 52 de   J.x.I.)7.q.L..R.
0250 - ad 84 e7 eb 5a 61 29 4c-32 5e 13 15 56 d0 af a8   ....Za)L2^..V...
0260 - 8e 9e b9 8a 99 4c 85 52-59 ff a6 7f 40 f7 71 14   .....L.RY...@.q.
0270 - 3c 74 3c 54 3c 24 23 40-2a 2a ea 48 62 bb 05 72   <t<T<$#@**.Hb..r
, 17, 240, 254, 134, 115, 108, 30, 9, 208, 16, 18, 48, 159, 239, 196, 104, 151, 67, 155, 26, 137, 88, 162, 222, 84, 21, 32, 111, 3, 144, 53, 225, 4, 14, 11, 251, 24, 222, 247, 247, 235, 232, 3, 162, 132, 146, 151, 71, 151, 52, 165, 225, 150, 88, 124, 180, 15, 241, 83, 224, 152, 228, 60, 30, 87, 117, 23, 192, 143, 89, 151, 44, 94, 128, 81, 255, 93, 176, 73, 164, 168, 9, 212, 249, 76, 169, 29, 206, 225, 76, 48, 4, 111, 21, 195, 142, 90, 209, 78, 160, 52, 235, 139, 68, 33, 19, 120, 51, 152, 57, 57, 57, 254, 93, 176, 157, 96, 213, 36, 42, 184, 167, 110, 149, 105, 41, 150, 106, 188, 57, 193, 36, 61, 189, 45, 248, 115, 42, 214, 70, 83, 82, 227, 229, 76, 207, 30, 245, 106, 172, 205, 41, 153, 129, 56, 242, 115, 20, 252, 199, 206, 42, 73, 44, 236, 245, 135, 162, 221, 54, 134, 67, 110, 42, 211, 151, 25, 74, 113, 4, 120, 118, 251, 61, 50, 175, 41, 44, 100, 248, 225, 40, 254, 5, 146, 65, 77, 13, 81, 149, 172, 206, 178, 114, 0, 193, 234, 130, 40, 136, 82, 44, 86, 220, 72, 167, 14, 141, 255, 245, 230, 175, 201, 162, 101, 0280 - 6b b3 55 b2 40 91 c1 56-5a fb 13 fe 5b f2 58 94   k.U.@..VZ...[.X.
204, 90, 139, 249, 183, 199, 240, 114, 249, 17, 193, 188, 50, 177, 139, 182, 212, 99, 166, 107, 150, 163, 151, 120, 207, 245, 212, 14, 23, 3, 3, 0, 69, 17, 27, 249, 148, 7, 237, 81, 159, 161, 58, 222, 224, 233, 219, 115, 151, 72, 237, 251, 247, 165, 189, 247, 2, 151, 175, 242, 120, 35, 95, 101, 12, 130, 96, 130, 6, 248, 223, 206, 129, 96, 234, 87, 240, 35, 55, 92, 205, 163, 88, 74, 159, 117, 132, 214, 226, 34, 84, 84, 167, 19, 135, 219, 70, 155, 120, 224, 141, 189]
0290 - 87 d5 5a dc ff 97 2b 90-15 1f a6 95 c7 39 16 56   ..Z...+......9.V
02a0 - e5 77 b6 c5 c3 71 fb 25-0d 2f b1 b6 5c 15 ca f2   .w...q.%./..\...
02b0 - 8b f9 cc 1b e3 be 5b af-35 0c a9 31 d3 99 ba 07   ......[.5..1....
02c0 - 07 fd 44 ad 67 7b c5 02-ae 65 a4 bb fc 3a ab e2   ..D.g{...e...:..
02d0 - e6 1c 18 8a 1f 69 f4 fc-1d 83 78 7d ee c7 41 c3   .....i....x}..A.
02e0 - 7f 3f fd 47 06 02 a0 3c-1d 1f 88 09 c2 57 98 ae   .?.G...<.....W..
02f0 - 66 af 0c aa ba b1 e4 cd-1c 88 e7 35 f5 86 65 3a   f..........5..e:
0300 - 65 35 0b 75 4d 5a a5 93-3d 6e e6 36 3d 99 4f b2   e5.uMZ..=n.6=.O.
0310 - b1 ec 18 f0 e4 8f c3 94-7e e6 e2 55 97 83 26 90   ........~..U..&.
0320 - 8d 07 36 5c c3 04 36 83-12 c4 d5 d2 1c 1c 68 b7   ..6\..6.......h.
0330 - 66 8d d3 96 0f 22 bd 9a-27 bc cd fd 5a 24 0d a7   f...."..'...Z$..
0340 - d0 28 c4 c9 99 ec 6c 64-54 2b c0 48 02 91 8b a7   .(....ldT+.H....
0350 - 4d 54 0d 95 15 11 5e c7-07 dc e8 d6 bf fb 5c 48   MT....^.......\H
0360 - 29 f2 4a 88 d3 36 01 0c-96 9f 5a b6 d0 5a 60 31   ).J..6....Z..Z`1
0370 - 2f 2f c8 82 15 13 6b 19-2c ca 1e f4 4d 59 4d be   //....k.,...MYM.
0380 - a5 e3 cc 84 59 f9 9d fc-0f 54 6c e2 5d 0e a0 03   ....Y....Tl.]...
0390 - ee ba f2 00 06 d5 e2 ec-e8 6c bf 1f a4 40 7a 2b   .........l...@z+
03a0 - db e6 78 6c e5 57 a5 28-b8 0d c3 a5 63 a0 5e 6d   ..xl.W.(....c.^m
03b0 - ac d7 b8 10 20 cb f7 94-ee bc 8b 63 59 f5 eb 05   .... ......cY...
03c0 - 04 3a 44 68 d0 99 f7 64-a7 b4 a2 e0 d8 da f4 6c   .:Dh...d.......l
03d0 - e8 ca f9 76 51 bc 03 8a-ac 2f fa 49 7a 6e 63 ac   ...vQ..../.Iznc.
03e0 - 51 d3 07 9d e8 03 85 18-03 41 d0 fe 82 f9 63 3b   Q........A....c;
03f0 - ad c2 b2 4e 12 1e d5 32-8c 11 bc d5 62 f9 b2 36   ...N...2....b..6
0400 - 71 28 17 03 03 01 19 c1-a1 42 eb 72 0a 19 00 15   q(.......B.r....
0410 - 72 00 6b da 2b 48 f4 ac-99 07 5e be 44 ef 9b 04   r.k.+H....^.D...
0420 - e5 e6 fb 11 f0 fe 86 73-6c 1e 09 d0 10 12 30 9f   .......sl.....0.
0430 - ef c4 68 97 43 9b 1a 89-58 a2 de 54 15 20 6f 03   ..h.C...X..T. o.
0440 - 90 35 e1 04 0e 0b fb 18-de f7 f7 eb e8 03 a2 84   .5..............
0450 - 92 97 47 97 34 a5 e1 96-58 7c b4 0f f1 53 e0 98   ..G.4...X|...S..
0460 - e4 3c 1e 57 75 17 c0 8f-59 97 2c 5e 80 51 ff 5d   .<.Wu...Y.,^.Q.]
0470 - b0 49 a4 a8 09 d4 f9 4c-a9 1d ce e1 4c 30 04 6f   .I.....L....L0.o
0480 - 15 c3 8e 5a d1 4e a0 34-eb 8b 44 21 13 78 33 98   ...Z.N.4..D!.x3.
0490 - 39 39 39 fe 5d b0 9d 60-d5 24 2a b8 a7 6e 95 69   999.]..`.$*..n.i
04a0 - 29 96 6a bc 39 c1 24 3d-bd 2d f8 73 2a d6 46 53   ).j.9.$=.-.s*.FS
04b0 - 52 e3 e5 4c cf 1e f5 6a-ac cd 29 99 81 38 f2 73   R..L...j..)..8.s
04c0 - 14 fc c7 ce 2a 49 2c ec-f5 87 a2 dd 36 86 43 6e   ....*I,.....6.Cn
04d0 - 2a d3 97 19 4a 71 04 78-76 fb 3d 32 af 29 2c 64   *...Jq.xv.=2.),d
04e0 - f8 e1 28 fe 05 92 41 4d-0d 51 95 ac ce b2 72 00   ..(...AM.Q....r.
04f0 - c1 ea 82 28 88 52 2c 56-dc 48 a7 0e 8d ff f5 e6   ...(.R,V.H......
0500 - af c9 a2 65 cc 5a 8b f9-b7 c7 f0 72 f9 11 c1 bc   ...e.Z.....r....
0510 - 32 b1 8b b6 d4 63 a6 6b-96 a3 97 78 cf f5 d4 0e   2....c.k...x....
0520 - 17 03 03 00 45 11 1b f9-94 07 ed 51 9f a1 3a de   ....E......Q..:.
0530 - e0 e9 db 73 97 48 ed fb-f7 a5 bd f7 02 97 af f2   ...s.H..........
0540 - 78 23 5f 65 0c 82 60 82-06 f8 df ce 81 60 ea 57   x#_e..`......`.W
0550 - f0 23 37 5c cd a3 58 4a-9f 75 84 d6 e2 22 54 54   .#7\..XJ.u..."TT
0560 - a7 13 87 db 46 9b 78 e0-8d bd                     ....F.x...
client hello only bytes: 010000b1030317c02610d5038811bb019d4fa56d6e26923fd2cef6262f5613b4c634f6441ee020fb6a624a684af6e48c3d7797cd43d8c45f900d03c20722d9ad3bc4ab9189776b0002130201000066000d00080006040305030804002b0003020304000a000400020017003300470045001700410478792848cf959aa0188565064d3f787041825a0280e2fd1d57321130d48318c05b0fd514df3286f6b8c45c8a8d7e31716c70080490bbd79d99df9ca671aa38e8
server hello only bytes: 020000970303a211898835a4734897a51d6511b7fd8e913987be821874129fb7866a0d04536820fb6a624a684af6e48c3d7797cd43d8c45f900d03c20722d9ad3bc4ab9189776b130200004f002b00020304003300450017004104d4eb2078913d8ebffc76cb7f74527435b5b2f8e7f2e1f55dde40343a5c12122324546bc53f435ae8a95732e2b795d12b37b7062e041605ca840d13acb79cfc92
ECDHE shared secret: a3c8d49367780d4ed599cf5054ed49f20827545f7a68e4a3e4c8d42e946f0775
len = 32
client_hs: 8075bed200b158d9608f22093efc678b41a5a65f4933c048b20222be9e298ee5095f3f5ebee67f80603bb95f5cb71264
server_hs: f72ba91a3579715e1415a75a0bbe9d2b7eb3c20600bb78197fa6288319a1481fe68cbf93e994e1c13909e27a20e0dd17
server_key: 4edb6409ae8e6a809323f3e857785d8e2f9880b1f92895fa18f48faf69dc5b34
client_key: 754973a6ada92f25b93bbcffb2b772f1414d7eb13f7cb92baf07a1be7e4f567a
Tls cipher text TlsCipherText { content_type: application_data, legacy_record_version: Tls12, length: 45, encrypted_record: [93, 254, 130, 194, 43, 34, 188, 98, 185, 124, 126, 96, 133, 124, 168, 4, 252, 172, 70, 188, 104, 34, 84, 171, 1, 22, 215, 253, 74, 71, 52, 26, 172, 30, 106, 169, 103, 160, 26, 11, 84, 17, 251, 255, 151] }
offset for decryption: [23, 3, 3, 0, 45]
Err(decryption failed aead::Errorread from 0x926c4f680 [0x92710c003] (5 bytes => 0)
write to 0x926c4f680 [0x927109000] (24 bytes => 24 (0x18))
0000 - 17 03 03 00 13 6f b4 fe-f8 46 b9 8e 83 0f dd 8e   .....o...F......
0010 - d1 99 f7 4e 46 ff d6 3a-                          ...NF..:
ERROR
00087CFE01000000:error:0A000126:SSL routines::unexpected eof while reading:ssl/record/rec_layer_s3.c:701:
shutting down SSL
CONNECTION CLOSED


Stack backtrace:
   0: std::backtrace_rs::backtrace::libunwind::trace
             at /rustc/12eb345e5593a10e61b4aef766076c8bd552fea6/library/std/src/../../backtrace/src/backtrace/libunwind.rs:117:9
   1: std::backtrace_rs::backtrace::trace_unsynchronized
             at /rustc/12eb345e5593a10e61b4aef766076c8bd552fea6/library/std/src/../../backtrace/src/backtrace/mod.rs:66:14
   2: std::backtrace::Backtrace::create
             at /rustc/12eb345e5593a10e61b4aef766076c8bd552fea6/library/std/src/backtrace.rs:331:13
   3: std::backtrace::Backtrace::capture
             at /rustc/12eb345e5593a10e61b4aef766076c8bd552fea6/library/std/src/backtrace.rs:296:9
   4: anyhow::error::<impl anyhow::Error>::msg
             at /Users/gautamkumar/.cargo/registry/src/index.crates.io-1949cf8c6b5b557f/anyhow-1.0.100/src/backtrace.rs:27:14
   5: anyhow::__private::format_err
             at /Users/gautamkumar/.cargo/registry/src/index.crates.io-1949cf8c6b5b557f/anyhow-1.0.100/src/lib.rs:698:13
   6: tls_rs::crypto::TlsDataKeyInfo::decrypt::{{closure}}
             at ./src/crypto.rs:242:26
   7: core::result::Result<T,E>::map_err
             at /Users/gautamkumar/.rustup/toolchains/nightly-aarch64-apple-darwin/lib/rustlib/src/rust/library/core/src/result.rs:960:27
   8: tls_rs::crypto::TlsDataKeyInfo::decrypt
             at ./src/crypto.rs:242:14
   9: tls_rs::client::tls_client::{{closure}}
             at ./src/client.rs:62:10
  10: tls_rs::client::tests::test_tls_client::{{closure}}
             at ./src/client.rs:110:35
  11: <core::pin::Pin<P> as core::future::future::Future>::poll
             at /Users/gautamkumar/.rustup/toolchains/nightly-aarch64-apple-darwin/lib/rustlib/src/rust/library/core/src/future/future.rs:133:9
  12: <core::pin::Pin<P> as core::future::future::Future>::poll
             at /Users/gautamkumar/.rustup/toolchains/nightly-aarch64-apple-darwin/lib/rustlib/src/rust/library/core/src/future/future.rs:133:9
  13: tokio::runtime::scheduler::current_thread::CoreGuard::block_on::{{closure}}::{{closure}}::{{closure}}
             at /Users/gautamkumar/.cargo/registry/src/index.crates.io-1949cf8c6b5b557f/tokio-1.48.0/src/runtime/scheduler/current_thread/mod.rs:742:70
  14: tokio::task::coop::with_budget
             at /Users/gautamkumar/.cargo/registry/src/index.crates.io-1949cf8c6b5b557f/tokio-1.48.0/src/task/coop/mod.rs:167:5
  15: tokio::task::coop::budget
             at /Users/gautamkumar/.cargo/registry/src/index.crates.io-1949cf8c6b5b557f/tokio-1.48.0/src/task/coop/mod.rs:133:5
  16: tokio::runtime::scheduler::current_thread::CoreGuard::block_on::{{closure}}::{{closure}}
             at /Users/gautamkumar/.cargo/registry/src/index.crates.io-1949cf8c6b5b557f/tokio-1.48.0/src/runtime/scheduler/current_thread/mod.rs:742:25
  17: tokio::runtime::scheduler::current_thread::Context::enter
             at /Users/gautamkumar/.cargo/registry/src/index.crates.io-1949cf8c6b5b557f/tokio-1.48.0/src/runtime/scheduler/current_thread/mod.rs:432:19
  18: tokio::runtime::scheduler::current_thread::CoreGuard::block_on::{{closure}}
             at /Users/gautamkumar/.cargo/registry/src/index.crates.io-1949cf8c6b5b557f/tokio-1.48.0/src/runtime/scheduler/current_thread/mod.rs:741:44
  19: tokio::runtime::scheduler::current_thread::CoreGuard::enter::{{closure}}
             at /Users/gautamkumar/.cargo/registry/src/index.crates.io-1949cf8c6b5b557f/tokio-1.48.0/src/runtime/scheduler/current_thread/mod.rs:829:68
  20: tokio::runtime::context::scoped::Scoped<T>::set
             at /Users/gautamkumar/.cargo/registry/src/index.crates.io-1949cf8c6b5b557f/tokio-1.48.0/src/runtime/context/scoped.rs:40:9
  21: tokio::runtime::context::set_scheduler::{{closure}}
             at /Users/gautamkumar/.cargo/registry/src/index.crates.io-1949cf8c6b5b557f/tokio-1.48.0/src/runtime/context.rs:176:38
  22: std::thread::local::LocalKey<T>::try_with
             at /Users/gautamkumar/.rustup/toolchains/nightly-aarch64-apple-darwin/lib/rustlib/src/rust/library/std/src/thread/local.rs:315:12
  23: std::thread::local::LocalKey<T>::with
             at /Users/gautamkumar/.rustup/toolchains/nightly-aarch64-apple-darwin/lib/rustlib/src/rust/library/std/src/thread/local.rs:279:20
  24: tokio::runtime::context::set_scheduler
             at /Users/gautamkumar/.cargo/registry/src/index.crates.io-1949cf8c6b5b557f/tokio-1.48.0/src/runtime/context.rs:176:17
  25: tokio::runtime::scheduler::current_thread::CoreGuard::enter
             at /Users/gautamkumar/.cargo/registry/src/index.crates.io-1949cf8c6b5b557f/tokio-1.48.0/src/runtime/scheduler/current_thread/mod.rs:829:27
  26: tokio::runtime::scheduler::current_thread::CoreGuard::block_on
             at /Users/gautamkumar/.cargo/registry/src/index.crates.io-1949cf8c6b5b557f/tokio-1.48.0/src/runtime/scheduler/current_thread/mod.rs:729:24
  27: tokio::runtime::scheduler::current_thread::CurrentThread::block_on::{{closure}}
             at /Users/gautamkumar/.cargo/registry/src/index.crates.io-1949cf8c6b5b557f/tokio-1.48.0/src/runtime/scheduler/current_thread/mod.rs:200:33
  28: tokio::runtime::context::runtime::enter_runtime
             at /Users/gautamkumar/.cargo/registry/src/index.crates.io-1949cf8c6b5b557f/tokio-1.48.0/src/runtime/context/runtime.rs:65:16
  29: tokio::runtime::scheduler::current_thread::CurrentThread::block_on
             at /Users/gautamkumar/.cargo/registry/src/index.crates.io-1949cf8c6b5b557f/tokio-1.48.0/src/runtime/scheduler/current_thread/mod.rs:188:9
  30: tokio::runtime::runtime::Runtime::block_on_inner
             at /Users/gautamkumar/.cargo/registry/src/index.crates.io-1949cf8c6b5b557f/tokio-1.48.0/src/runtime/runtime.rs:368:52
  31: tokio::runtime::runtime::Runtime::block_on
             at /Users/gautamkumar/.cargo/registry/src/index.crates.io-1949cf8c6b5b557f/tokio-1.48.0/src/runtime/runtime.rs:342:18
  32: tls_rs::client::tests::test_tls_client
             at ./src/client.rs:111:34
  33: tls_rs::client::tests::test_tls_client::{{closure}}
             at ./src/client.rs:76:31
  34: core::ops::function::FnOnce::call_once
             at /Users/gautamkumar/.rustup/toolchains/nightly-aarch64-apple-darwin/lib/rustlib/src/rust/library/core/src/ops/function.rs:250:5
  35: core::ops::function::FnOnce::call_once
             at /rustc/12eb345e5593a10e61b4aef766076c8bd552fea6/library/core/src/ops/function.rs:250:5
  36: test::__rust_begin_short_backtrace
             at /rustc/12eb345e5593a10e61b4aef766076c8bd552fea6/library/test/src/lib.rs:663:18
  37: test::run_test_in_process::{{closure}}
             at /rustc/12eb345e5593a10e61b4aef766076c8bd552fea6/library/test/src/lib.rs:686:74
  38: <core::panic::unwind_safe::AssertUnwindSafe<F> as core::ops::function::FnOnce<()>>::call_once
             at /rustc/12eb345e5593a10e61b4aef766076c8bd552fea6/library/core/src/panic/unwind_safe.rs:274:9
  39: std::panicking::catch_unwind::do_call
             at /rustc/12eb345e5593a10e61b4aef766076c8bd552fea6/library/std/src/panicking.rs:590:40
  40: std::panicking::catch_unwind
             at /rustc/12eb345e5593a10e61b4aef766076c8bd552fea6/library/std/src/panicking.rs:553:19
  41: std::panic::catch_unwind
             at /rustc/12eb345e5593a10e61b4aef766076c8bd552fea6/library/std/src/panic.rs:359:14
  42: test::run_test_in_process
             at /rustc/12eb345e5593a10e61b4aef766076c8bd552fea6/library/test/src/lib.rs:686:27
  43: test::run_test::{{closure}}
             at /rustc/12eb345e5593a10e61b4aef766076c8bd552fea6/library/test/src/lib.rs:607:43
  44: test::run_test::{{closure}}
             at /rustc/12eb345e5593a10e61b4aef766076c8bd552fea6/library/test/src/lib.rs:637:41
  45: std::sys::backtrace::__rust_begin_short_backtrace
             at /rustc/12eb345e5593a10e61b4aef766076c8bd552fea6/library/std/src/sys/backtrace.rs:158:18
  46: std::thread::Builder::spawn_unchecked_::{{closure}}::{{closure}}
             at /rustc/12eb345e5593a10e61b4aef766076c8bd552fea6/library/std/src/thread/mod.rs:559:17
  47: <core::panic::unwind_safe::AssertUnwindSafe<F> as core::ops::function::FnOnce<()>>::call_once
             at /rustc/12eb345e5593a10e61b4aef766076c8bd552fea6/library/core/src/panic/unwind_safe.rs:274:9
  48: std::panicking::catch_unwind::do_call
             at /rustc/12eb345e5593a10e61b4aef766076c8bd552fea6/library/std/src/panicking.rs:590:40
  49: std::panicking::catch_unwind
             at /rustc/12eb345e5593a10e61b4aef766076c8bd552fea6/library/std/src/panicking.rs:553:19
  50: std::panic::catch_unwind
             at /rustc/12eb345e5593a10e61b4aef766076c8bd552fea6/library/std/src/panic.rs:359:14
  51: std::thread::Builder::spawn_unchecked_::{{closure}}
             at /rustc/12eb345e5593a10e61b4aef766076c8bd552fea6/library/std/src/thread/mod.rs:557:30
  52: core::ops::function::FnOnce::call_once{{vtable.shim}}
             at /rustc/12eb345e5593a10e61b4aef766076c8bd552fea6/library/core/src/ops/function.rs:250:5
  53: <alloc::boxed::Box<F,A> as core::ops::function::FnOnce<Args>>::call_once
             at /rustc/12eb345e5593a10e61b4aef766076c8bd552fea6/library/alloc/src/boxed.rs:1985:9
  54: std::sys::pal::unix::thread::Thread::new::thread_start
             at /rustc/12eb345e5593a10e61b4aef766076c8bd552fea6/library/std/src/sys/pal/unix/thread.rs:118:17
  55: __pthread_cond_wait)
test client::tests::test_tls_client ... ok

test result: ok. 1 passed; 0 failed; 0 ignored; 0 measured; 1 filtered out; finished in 5.05s

cat /tmp/sslkeys.log
# SSL/TLS secrets log file, generated by OpenSSL
SERVER_HANDSHAKE_TRAFFIC_SECRET 17c02610d5038811bb019d4fa56d6e26923fd2cef6262f5613b4c634f6441ee0 9424572236f002b51cca27e90de557b1366f4585d275a167d2805e21ace8bc53a8f942c22bc9f657a1f4fa52c7f5b895
CLIENT_HANDSHAKE_TRAFFIC_SECRET 17c02610d5038811bb019d4fa56d6e26923fd2cef6262f5613b4c634f6441ee0 97b659cd6cbefc7e655a91be1e62e6f24a813674671f4ae594f576048f76f21c597942fb96d7d500a4436e38baa8f04a
EXPORTER_SECRET 17c02610d5038811bb019d4fa56d6e26923fd2cef6262f5613b4c634f6441ee0 6bd03200637743d139e8c40d80bc9638410275581ffb65e71381fa4b4af09aeb30f00dbde5b6911dd79aefcadb7841a3
SERVER_TRAFFIC_SECRET_0 17c02610d5038811bb019d4fa56d6e26923fd2cef6262f5613b4c634f6441ee0 250ed5ad43684129ee964739f39ffe73d2e301d5eadc6537924b9ebb5af9ae5686ea7e8d3692840197325165f4782e8f

